<html>
<body>
<pre>
<h1>µVision Build Log</h1>
<h2>Project:</h2>
D:\Soft\Raw\Hardware Projects\New folder\Blinky\Blinky.uvproj
Project File Date:  11/22/2015

<h2>Output:</h2>
Rebuild target 'LPC1768 Flash'
assembling startup_LPC17xx.s...
compiling system_LPC17xx.c...
compiling LED.c...
compiling GLCD_SPI_LPC1700.c...
compiling Retarget.c...
compiling Serial.c...
compiling IRQ.c...
compiling Blinky.c...
Blinky.c(14): warning:  #550-D: variable "ad_val" was set but never used
    uint16_t ad_val = 0, ad_val_ = 0xFFFF;
Blinky.c(14): warning:  #177-D: variable "ad_val_" was declared but never referenced
    uint16_t ad_val = 0, ad_val_ = 0xFFFF;
Blinky.c: 2 warnings, 0 errors
compiling ADC.c...
linking...
Program Size: Code=1888 RO-data=268 RW-data=24 ZI-data=512  
FromELF: creating hex file...
".\Flash\Blinky.axf" - 0 Error(s), 2 Warning(s).
Load "D:\\Soft\\Raw\\Hardware Projects\\New folder\\Blinky\\Flash\\Blinky.axf" 
'C:\Keil\ARM\BIN\coocox-agdi.dll' invalid peripheral driver
Error: Flash Download failed  -  C:\Keil\ARM\BIN\coocox-agdi.dll
Load "D:\\Soft\\Raw\\Hardware Projects\\New folder\\Blinky\\Flash\\Blinky.axf" 
Erasing Done.
Programming Done: 2.91 KByte/s
Verify Failed.
</pre>
</body>
</html>
